// Vitest Snapshot v1, https://vitest.dev/guide/snapshot.html

exports[`SongPlaylistItem snapshot > should render correctly 1`] = `
<li
  class="flex justify-between items-center p-3 pl-6 cursor-pointer transition duration-300 hover:bg-gray-50"
  id="songId-abc"
>
  <div>
    <router-link-stub
      ariacurrentvalue="page"
      class="font-bold block text-gray-600 composition-name"
      custom="false"
      id="SongName"
      replace="false"
      to="[object Object]"
    />
    <span
      class="text-gray-500 text-sm"
      id="SongAuthor"
    >
      TestAuthor
    </span>
  </div>
  <div
    class="text-gray-600 text-lg"
  >
    <router-link-stub
      ariacurrentvalue="page"
      custom="true"
      replace="false"
      to="[object Object]"
    />
  </div>
</li>
`;
